[0m13:28:50.926359 [debug] [MainThread]: Sending event: {'category': 'dbt', 'action': 'invocation', 'label': 'start', 'context': [<snowplow_tracker.self_describing_json.SelfDescribingJson object at 0x000001F1A52E0220>, <snowplow_tracker.self_describing_json.SelfDescribingJson object at 0x000001F1A63B43A0>, <snowplow_tracker.self_describing_json.SelfDescribingJson object at 0x000001F1A63B4190>]}


============================== 13:28:50.942594 | 92fd924e-9f98-4c68-ba7e-e09e42daef0e ==============================
[0m13:28:50.942594 [info ] [MainThread]: Running with dbt=1.11.11
[0m13:28:50.942594 [debug] [MainThread]: running dbt with arguments {'version_check': 'True', 'no_print': 'None', 'static_parser': 'True', 'target_path': 'None', 'warn_error_options': 'WarnErrorOptionsV2(error=[], warn=[], silence=[])', 'printer_width': '80', 'write_json': 'True', 'introspect': 'True', 'log_cache_events': 'False', 'empty': 'None', 'cache_selected_only': 'False', 'fail_fast': 'False', 'debug': 'False', 'log_format': 'default', 'profiles_dir': 'C:\\Users\\stijn\\.dbt', 'send_anonymous_usage_stats': 'True', 'quiet': 'False', 'warn_error': 'None', 'partial_parse': 'True', 'indirect_selection': 'eager', 'invocation_command': 'dbt init', 'use_colors': 'True', 'use_experimental_parser': 'False', 'log_path': 'logs'}
[0m13:28:50.963715 [info ] [MainThread]: Creating dbt configuration folder at C:\Users\stijn\.dbt
[0m13:29:15.459129 [debug] [MainThread]: Starter project path: c:\Users\stijn\OneDrive\Documenten\GitHub\DataEngineering_M_S\.venv\lib\site-packages\dbt\include\starter_project
[0m13:29:15.541058 [info ] [MainThread]: 
Your new dbt project "dvdrental" was created!

For more information on how to configure the profiles.yml file,
please consult the dbt documentation here:

  https://docs.getdbt.com/docs/configure-your-profile

One more thing:

Need help? Don't hesitate to reach out to us via GitHub issues or on Slack:

  https://community.getdbt.com/

Happy modeling!

[0m13:29:15.541058 [info ] [MainThread]: Setting up your profile.
[0m13:29:27.914169 [info ] [MainThread]: Profile dvdrental written to C:\Users\stijn\.dbt\profiles.yml using target's sample configuration. Once updated, you'll be able to start developing with dbt.
[0m13:29:27.914169 [debug] [MainThread]: Command `dbt init` succeeded at 13:29:27.914169 after 37.05 seconds
[0m13:29:27.914169 [debug] [MainThread]: Sending event: {'category': 'dbt', 'action': 'invocation', 'label': 'end', 'context': [<snowplow_tracker.self_describing_json.SelfDescribingJson object at 0x000001F1A52E0220>, <snowplow_tracker.self_describing_json.SelfDescribingJson object at 0x000001F1A63B4160>, <snowplow_tracker.self_describing_json.SelfDescribingJson object at 0x000001F1A64A8280>]}
[0m13:29:27.914169 [debug] [MainThread]: Flushing usage events
[0m13:29:28.443181 [debug] [MainThread]: An error was encountered while trying to flush usage events
